[INFO] [launch]: All log files can be found below /home/wheeltec/workspace/wheeltec_motion_ws/runtime_logs/robot_stack/20260926-214333-15624/ros/2026-09-26-21-43-40-214349-wheeltec-15727
[INFO] [launch]: Default logging verbosity is set to INFO
[INFO] [fastlio_mapping-1]: process started with pid [15728]
[fastlio_mapping-1] [INFO] [1790430220.461327848] [laser_mapping]: p_pre->lidar_type 1
[fastlio_mapping-1] Multi thread started 
[fastlio_mapping-1] ~~~~/home/wheeltec/workspace/conavGPT_ws/src/FAST_LIO_ROS2/ file opened
[fastlio_mapping-1] [INFO] [1790430220.473965190] [laser_mapping]: Node init finished.
[fastlio_mapping-1] [WARN] [1790430224.573392485] [laser_mapping]: No point, skip this scan!
[fastlio_mapping-1] 
[fastlio_mapping-1] [WARN] [1790430224.583240513] [laser_mapping]: No point, skip this scan!
[fastlio_mapping-1] 
[fastlio_mapping-1] [WARN] [1790430224.593252226] [laser_mapping]: No point, skip this scan!
[fastlio_mapping-1] 
[fastlio_mapping-1] [WARN] [1790430224.603228610] [laser_mapping]: No point, skip this scan!
[fastlio_mapping-1] 
[fastlio_mapping-1] IMU Initial Done
[fastlio_mapping-1] [WARN] [1790430224.613497132] [laser_mapping]: No point, skip this scan!
[fastlio_mapping-1] 
[fastlio_mapping-1] [INFO] [1790430224.767026037] [laser_mapping]: Initialize the map kdtree
[WARNING] [launch]: user interrupted with ctrl-c (SIGINT)
[fastlio_mapping-1] catch sig %d2
[INFO] [fastlio_mapping-1]: sending signal 'SIGINT' to process[fastlio_mapping-1]
[ERROR] [fastlio_mapping-1]: process has died [pid 15728, exit code -2, cmd '/home/wheeltec/workspace/conavGPT_ws/install/fast_lio/lib/fast_lio/fastlio_mapping --ros-args --params-file /home/wheeltec/workspace/conavGPT_ws/install/fast_lio/share/fast_lio/config/mid360.yaml --params-file /tmp/launch_params_e3slkk7a'].
[INFO] [launch]: All log files can be found below /home/wheeltec/workspace/wheeltec_motion_ws/runtime_logs/robot_stack/20260926-214333-15624/ros/2026-09-26-21-44-28-604390-wheeltec-15926
[INFO] [launch]: Default logging verbosity is set to INFO
[INFO] [fastlio_mapping-1]: process started with pid [15927]
[fastlio_mapping-1] [INFO] [1790430268.866696365] [laser_mapping]: p_pre->lidar_type 1
[fastlio_mapping-1] Multi thread started 
[fastlio_mapping-1] ~~~~/home/wheeltec/workspace/conavGPT_ws/src/FAST_LIO_ROS2/ file opened
[fastlio_mapping-1] [INFO] [1790430268.877305444] [laser_mapping]: Node init finished.
[fastlio_mapping-1] IMU Initial Done
[fastlio_mapping-1] [WARN] [1790430271.017442490] [laser_mapping]: No point, skip this scan!
[fastlio_mapping-1] 
[fastlio_mapping-1] [INFO] [1790430271.101027551] [laser_mapping]: Initialize the map kdtree
[fastlio_mapping-1] [INFO] [1790430405.999485156] [rclcpp]: signal_handler(SIGINT/SIGTERM)
[fastlio_mapping-1] Rebuild thread terminated normally
[INFO] [fastlio_mapping-1]: process has finished cleanly [pid 15927]
[INFO] [launch]: All log files can be found below /home/wheeltec/workspace/wheeltec_motion_ws/runtime_logs/robot_stack/20260926-214333-15624/ros/2026-09-26-21-46-50-520571-wheeltec-16536
[INFO] [launch]: Default logging verbosity is set to INFO
[INFO] [fastlio_mapping-1]: process started with pid [16539]
[fastlio_mapping-1] [INFO] [1790430410.775399871] [laser_mapping]: p_pre->lidar_type 1
[fastlio_mapping-1] Multi thread started 
[fastlio_mapping-1] ~~~~/home/wheeltec/workspace/conavGPT_ws/src/FAST_LIO_ROS2/ file opened
[fastlio_mapping-1] [INFO] [1790430410.787236222] [laser_mapping]: Node init finished.
[fastlio_mapping-1] [WARN] [1790430412.047302821] [laser_mapping]: No point, skip this scan!
[fastlio_mapping-1] 
[fastlio_mapping-1] IMU Initial Done
[fastlio_mapping-1] [WARN] [1790430412.097002774] [laser_mapping]: No point, skip this scan!
[fastlio_mapping-1] 
[fastlio_mapping-1] [INFO] [1790430412.200965367] [laser_mapping]: Initialize the map kdtree
[WARNING] [launch]: user interrupted with ctrl-c (SIGINT)
[fastlio_mapping-1] catch sig %d2
[INFO] [fastlio_mapping-1]: sending signal 'SIGINT' to process[fastlio_mapping-1]
[ERROR] [fastlio_mapping-1]: process has died [pid 16539, exit code -2, cmd '/home/wheeltec/workspace/conavGPT_ws/install/fast_lio/lib/fast_lio/fastlio_mapping --ros-args --params-file /home/wheeltec/workspace/conavGPT_ws/install/fast_lio/share/fast_lio/config/mid360.yaml --params-file /tmp/launch_params_izvq_v4k'].
[INFO] [launch]: All log files can be found below /home/wheeltec/workspace/wheeltec_motion_ws/runtime_logs/robot_stack/20260926-214333-15624/ros/2026-09-26-21-47-05-531890-wheeltec-16645
[INFO] [launch]: Default logging verbosity is set to INFO
[INFO] [fastlio_mapping-1]: process started with pid [16649]
[fastlio_mapping-1] [INFO] [1790430425.791224520] [laser_mapping]: p_pre->lidar_type 1
[fastlio_mapping-1] Multi thread started 
[fastlio_mapping-1] ~~~~/home/wheeltec/workspace/conavGPT_ws/src/FAST_LIO_ROS2/ file opened
[fastlio_mapping-1] [INFO] [1790430425.802307213] [laser_mapping]: Node init finished.
[fastlio_mapping-1] [WARN] [1790430429.341917604] [laser_mapping]: No point, skip this scan!
[fastlio_mapping-1] 
[fastlio_mapping-1] IMU Initial Done
[fastlio_mapping-1] [WARN] [1790430429.351976965] [laser_mapping]: No point, skip this scan!
[fastlio_mapping-1] 
[fastlio_mapping-1] [INFO] [1790430430.465394704] [laser_mapping]: Initialize the map kdtree
[WARNING] [launch]: user interrupted with ctrl-c (SIGINT)
[fastlio_mapping-1] catch sig %d2
[INFO] [fastlio_mapping-1]: sending signal 'SIGINT' to process[fastlio_mapping-1]
[ERROR] [fastlio_mapping-1]: process has died [pid 16649, exit code -2, cmd '/home/wheeltec/workspace/conavGPT_ws/install/fast_lio/lib/fast_lio/fastlio_mapping --ros-args --params-file /home/wheeltec/workspace/conavGPT_ws/install/fast_lio/share/fast_lio/config/mid360.yaml --params-file /tmp/launch_params_9ip72jav'].
[INFO] [launch]: All log files can be found below /home/wheeltec/workspace/wheeltec_motion_ws/runtime_logs/robot_stack/20260926-214333-15624/ros/2026-09-26-21-48-08-135134-wheeltec-16906
[INFO] [launch]: Default logging verbosity is set to INFO
[INFO] [fastlio_mapping-1]: process started with pid [16907]
[fastlio_mapping-1] [INFO] [1790430488.399592455] [laser_mapping]: p_pre->lidar_type 1
[fastlio_mapping-1] Multi thread started 
[fastlio_mapping-1] ~~~~/home/wheeltec/workspace/conavGPT_ws/src/FAST_LIO_ROS2/ file opened
[fastlio_mapping-1] [INFO] [1790430488.412541293] [laser_mapping]: Node init finished.
[fastlio_mapping-1] IMU Initial Done
[fastlio_mapping-1] [WARN] [1790430488.602790147] [laser_mapping]: No point, skip this scan!
[fastlio_mapping-1] 
[fastlio_mapping-1] [INFO] [1790430488.708171254] [laser_mapping]: Initialize the map kdtree
