[INFO] [launch]: All log files can be found below /home/wheeltec/workspace/wheeltec_motion_ws/runtime_logs/robot_stack/20260926-214333-15624/ros/2026-09-26-21-43-36-203728-wheeltec-15689
[INFO] [launch]: Default logging verbosity is set to INFO
[INFO] [livox_ros_driver2_node-1]: process started with pid [15699]
[livox_ros_driver2_node-1] [INFO] [1790430216.367397675] [livox_lidar_publisher]: Livox Ros Driver2 Version: 1.2.7
[livox_ros_driver2_node-1] [INFO] [1790430216.368301994] [livox_lidar_publisher]: Data Source is raw lidar.
[livox_ros_driver2_node-1] [INFO] [1790430216.368354156] [livox_lidar_publisher]: Config file : /home/wheeltec/workspace/vendor_ws/install/livox_ros_driver2/share/livox_ros_driver2/launch_ROS2/../config/MID360s_config.json
[livox_ros_driver2_node-1] LdsLidar *GetInstance
[livox_ros_driver2_node-1] config lidar type: 8
[livox_ros_driver2_node-1] successfully parse base config, counts: 1
[livox_ros_driver2_node-1] [INFO] [1790430216.373711721] [livox_lidar_publisher]: Init lds lidar success!
[livox_ros_driver2_node-1] GetFreeIndex key:livox_lidar_2432805056.
[livox_ros_driver2_node-1] Init queue, real query size:16.
[livox_ros_driver2_node-1] Lidar[0] storage queue size: 10
[livox_ros_driver2_node-1] set pcl data type, handle: 2432805056, data type: 1
[livox_ros_driver2_node-1] set scan pattern, handle: 2432805056, scan pattern: 0
[livox_ros_driver2_node-1] begin to change work mode to 'Normal', handle: 2432805056
[livox_ros_driver2_node-1] successfully set data type, handle: 2432805056, set_bit: 2
[livox_ros_driver2_node-1] successfully set pattern mode, handle: 2432805056, set_bit: 0
[livox_ros_driver2_node-1] successfully set lidar attitude, ip: 192.168.1.145
[livox_ros_driver2_node-1] successfully change work mode, handle: 2432805056
[livox_ros_driver2_node-1] successfully enable Livox Lidar imu, ip: 192.168.1.145
[livox_ros_driver2_node-1] [INFO] [1790430219.374602081] [livox_lidar_publisher]: livox/imu publish use imu format
[livox_ros_driver2_node-1] [INFO] [1790430219.383835719] [livox_lidar_publisher]: livox/lidar publish use livox custom format
[livox_ros_driver2_node-1] [INFO] [1790430416.053489493] [rclcpp]: signal_handler(SIGINT/SIGTERM)
[livox_ros_driver2_node-1] Livox Lidar SDK Deinit completely!
[livox_ros_driver2_node-1] lddc destory!!!!!!!!!!!!!!!!!!!!!!!!!!!!!!!!!!!!!!!!!!!!!
[ERROR] [livox_ros_driver2_node-1]: process has died [pid 15699, exit code -11, cmd '/home/wheeltec/workspace/vendor_ws/install/livox_ros_driver2/lib/livox_ros_driver2/livox_ros_driver2_node --ros-args -r __node:=livox_lidar_publisher --params-file /tmp/launch_params_z0grv8kd --params-file /tmp/launch_params__vlqz_i2 --params-file /tmp/launch_params_4j8d48wy --params-file /tmp/launch_params_6epw5yt2 --params-file /tmp/launch_params_dbu8r0ro --params-file /tmp/launch_params_h7xvsu0o --params-file /tmp/launch_params_eds2r4h_ --params-file /tmp/launch_params_f9qruvoz --params-file /tmp/launch_params_5brvvi7p'].
[INFO] [launch]: All log files can be found below /home/wheeltec/workspace/wheeltec_motion_ws/runtime_logs/robot_stack/20260926-214333-15624/ros/2026-09-26-21-47-01-095910-wheeltec-16610
[INFO] [launch]: Default logging verbosity is set to INFO
[INFO] [livox_ros_driver2_node-1]: process started with pid [16611]
[livox_ros_driver2_node-1] [INFO] [1790430421.593222923] [livox_lidar_publisher]: Livox Ros Driver2 Version: 1.2.7
[livox_ros_driver2_node-1] [INFO] [1790430421.594518137] [livox_lidar_publisher]: Data Source is raw lidar.
[livox_ros_driver2_node-1] [INFO] [1790430421.594583451] [livox_lidar_publisher]: Config file : /home/wheeltec/workspace/vendor_ws/install/livox_ros_driver2/share/livox_ros_driver2/launch_ROS2/../config/MID360s_config.json
[livox_ros_driver2_node-1] LdsLidar *GetInstance
[livox_ros_driver2_node-1] config lidar type: 8
[livox_ros_driver2_node-1] successfully parse base config, counts: 1
[livox_ros_driver2_node-1] [INFO] [1790430421.603305389] [livox_lidar_publisher]: Init lds lidar success!
[livox_ros_driver2_node-1] GetFreeIndex key:livox_lidar_2432805056.
[livox_ros_driver2_node-1] Init queue, real query size:16.
[livox_ros_driver2_node-1] Lidar[0] storage queue size: 10
[livox_ros_driver2_node-1] set pcl data type, handle: 2432805056, data type: 1
[livox_ros_driver2_node-1] set scan pattern, handle: 2432805056, scan pattern: 0
[livox_ros_driver2_node-1] begin to change work mode to 'Normal', handle: 2432805056
[livox_ros_driver2_node-1] successfully set data type, handle: 2432805056, set_bit: 2
[livox_ros_driver2_node-1] successfully set pattern mode, handle: 2432805056, set_bit: 0
[livox_ros_driver2_node-1] successfully set lidar attitude, ip: 192.168.1.145
[livox_ros_driver2_node-1] successfully change work mode, handle: 2432805056
[livox_ros_driver2_node-1] successfully enable Livox Lidar imu, ip: 192.168.1.145
[livox_ros_driver2_node-1] [INFO] [1790430424.603978814] [livox_lidar_publisher]: livox/imu publish use imu format
[livox_ros_driver2_node-1] [INFO] [1790430424.611684781] [livox_lidar_publisher]: livox/lidar publish use livox custom format
[WARNING] [launch]: user interrupted with ctrl-c (SIGINT)
[INFO] [livox_ros_driver2_node-1]: sending signal 'SIGINT' to process[livox_ros_driver2_node-1]
[livox_ros_driver2_node-1] [INFO] [1790430475.820602494] [rclcpp]: signal_handler(SIGINT/SIGTERM)
[livox_ros_driver2_node-1] [INFO] [1790430475.826681716] [rclcpp]: signal_handler(SIGINT/SIGTERM)
[livox_ros_driver2_node-1] Livox Lidar SDK Deinit completely!
[livox_ros_driver2_node-1] lddc destory!!!!!!!!!!!!!!!!!!!!!!!!!!!!!!!!!!!!!!!!!!!!!
[ERROR] [livox_ros_driver2_node-1]: process has died [pid 16611, exit code -11, cmd '/home/wheeltec/workspace/vendor_ws/install/livox_ros_driver2/lib/livox_ros_driver2/livox_ros_driver2_node --ros-args -r __node:=livox_lidar_publisher --params-file /tmp/launch_params_wcikhwye --params-file /tmp/launch_params_ngckzig2 --params-file /tmp/launch_params_0iiwcr_e --params-file /tmp/launch_params_uj9n2xos --params-file /tmp/launch_params_1ucaf1e9 --params-file /tmp/launch_params_r7r2gx6v --params-file /tmp/launch_params_6zs87j9g --params-file /tmp/launch_params_9r_xwkze --params-file /tmp/launch_params_yj7f5nst'].
[INFO] [launch]: All log files can be found below /home/wheeltec/workspace/wheeltec_motion_ws/runtime_logs/robot_stack/20260926-214333-15624/ros/2026-09-26-21-48-04-111435-wheeltec-16872
[INFO] [launch]: Default logging verbosity is set to INFO
[INFO] [livox_ros_driver2_node-1]: process started with pid [16878]
[livox_ros_driver2_node-1] [INFO] [1790430484.276192164] [livox_lidar_publisher]: Livox Ros Driver2 Version: 1.2.7
[livox_ros_driver2_node-1] [INFO] [1790430484.277226825] [livox_lidar_publisher]: Data Source is raw lidar.
[livox_ros_driver2_node-1] [INFO] [1790430484.277286091] [livox_lidar_publisher]: Config file : /home/wheeltec/workspace/vendor_ws/install/livox_ros_driver2/share/livox_ros_driver2/launch_ROS2/../config/MID360s_config.json
[livox_ros_driver2_node-1] LdsLidar *GetInstance
[livox_ros_driver2_node-1] config lidar type: 8
[livox_ros_driver2_node-1] successfully parse base config, counts: 1
[livox_ros_driver2_node-1] [INFO] [1790430484.283144440] [livox_lidar_publisher]: Init lds lidar success!
[livox_ros_driver2_node-1] GetFreeIndex key:livox_lidar_2432805056.
[livox_ros_driver2_node-1] Init queue, real query size:16.
[livox_ros_driver2_node-1] Lidar[0] storage queue size: 10
[livox_ros_driver2_node-1] set pcl data type, handle: 2432805056, data type: 1
[livox_ros_driver2_node-1] set scan pattern, handle: 2432805056, scan pattern: 0
[livox_ros_driver2_node-1] begin to change work mode to 'Normal', handle: 2432805056
[livox_ros_driver2_node-1] successfully set data type, handle: 2432805056, set_bit: 2
[livox_ros_driver2_node-1] successfully set pattern mode, handle: 2432805056, set_bit: 0
[livox_ros_driver2_node-1] successfully set lidar attitude, ip: 192.168.1.145
[livox_ros_driver2_node-1] successfully change work mode, handle: 2432805056
[livox_ros_driver2_node-1] successfully enable Livox Lidar imu, ip: 192.168.1.145
[livox_ros_driver2_node-1] [INFO] [1790430487.284680807] [livox_lidar_publisher]: livox/imu publish use imu format
[livox_ros_driver2_node-1] [INFO] [1790430487.292461657] [livox_lidar_publisher]: livox/lidar publish use livox custom format
