Starting >>> wheeltec_motion_interfaces
-- The C compiler identification is GNU 11.4.0
-- The CXX compiler identification is GNU 11.4.0
-- Detecting C compiler ABI info
-- Detecting C compiler ABI info - done
-- Check for working C compiler: /usr/bin/cc - skipped
-- Detecting C compile features
-- Detecting C compile features - done
-- Detecting CXX compiler ABI info
-- Detecting CXX compiler ABI info - done
-- Check for working CXX compiler: /usr/bin/c++ - skipped
-- Detecting CXX compile features
-- Detecting CXX compile features - done
-- Found ament_cmake: 1.3.14 (/opt/ros/humble/share/ament_cmake/cmake)
-- Found Python3: /usr/bin/python3 (found version "3.10.12") found components: Interpreter 
-- Override CMake install command with custom implementation using symlinks instead of copying resources
-- Found rosidl_default_generators: 1.2.1 (/opt/ros/humble/share/rosidl_default_generators/cmake)
-- Using all available rosidl_typesupport_c: rosidl_typesupport_fastrtps_c;rosidl_typesupport_introspection_c
-- Found rosidl_adapter: 3.1.9 (/opt/ros/humble/share/rosidl_adapter/cmake)
-- Using all available rosidl_typesupport_cpp: rosidl_typesupport_fastrtps_cpp;rosidl_typesupport_introspection_cpp
-- Found ament_cmake_ros: 0.10.0 (/opt/ros/humble/share/ament_cmake_ros/cmake)
-- Using all available rosidl_typesupport_c: rosidl_typesupport_fastrtps_c;rosidl_typesupport_introspection_c
-- Using all available rosidl_typesupport_cpp: rosidl_typesupport_fastrtps_cpp;rosidl_typesupport_introspection_cpp
-- Found PythonInterp: /usr/bin/python3 (found suitable version "3.10.12", minimum required is "3.6") 
-- Found python_cmake_module: 0.10.0 (/opt/ros/humble/share/python_cmake_module/cmake)
-- Found PythonLibs: /usr/lib/x86_64-linux-gnu/libpython3.10.so (found suitable version "3.10.12", minimum required is "3.5") 
-- Using PYTHON_EXECUTABLE: /usr/bin/python3
-- Using PYTHON_INCLUDE_DIRS: /usr/include/python3.10
-- Using PYTHON_LIBRARIES: /usr/lib/x86_64-linux-gnu/libpython3.10.so
-- Found PythonExtra: .so  
-- Configuring done
-- Generating done
-- Build files have been written to: /ws/build/wheeltec_motion_interfaces
[  3%] Generating C code for ROS interfaces
[  6%] Generating C++ code for ROS interfaces
[  9%] Generating Rust code for ROS interfaces
[  9%] Built target ament_cmake_python_symlink_wheeltec_motion_interfaces
running egg_info
creating wheeltec_motion_interfaces.egg-info
writing wheeltec_motion_interfaces.egg-info/PKG-INFO
writing dependency_links to wheeltec_motion_interfaces.egg-info/dependency_links.txt
writing top-level names to wheeltec_motion_interfaces.egg-info/top_level.txt
writing manifest file 'wheeltec_motion_interfaces.egg-info/SOURCES.txt'
reading manifest file 'wheeltec_motion_interfaces.egg-info/SOURCES.txt'
writing manifest file 'wheeltec_motion_interfaces.egg-info/SOURCES.txt'
[  9%] Built target ament_cmake_python_build_wheeltec_motion_interfaces_egg
[  9%] Built target wheeltec_motion_interfaces__rs
[ 12%] Building C object CMakeFiles/wheeltec_motion_interfaces__rosidl_generator_c.dir/rosidl_generator_c/wheeltec_motion_interfaces/action/detail/execute_motion__functions.c.o
[ 12%] Built target wheeltec_motion_interfaces__cpp
[ 18%] Generating C++ introspection for ROS interfaces
[ 18%] Generating C++ type support for eProsima Fast-RTPS
[ 21%] Generating C++ type support dispatch for ROS interfaces
[ 25%] Linking C shared library libwheeltec_motion_interfaces__rosidl_generator_c.so
[ 25%] Built target wheeltec_motion_interfaces__rosidl_generator_c
[ 34%] Generating C type support dispatch for ROS interfaces
[ 34%] Generating C introspection for ROS interfaces
[ 34%] Generating C type support for eProsima Fast-RTPS
[ 37%] Building CXX object CMakeFiles/wheeltec_motion_interfaces__rosidl_typesupport_cpp.dir/rosidl_typesupport_cpp/wheeltec_motion_interfaces/action/execute_motion__type_support.cpp.o
[ 40%] Building CXX object CMakeFiles/wheeltec_motion_interfaces__rosidl_typesupport_introspection_cpp.dir/rosidl_typesupport_introspection_cpp/wheeltec_motion_interfaces/action/detail/execute_motion__type_support.cpp.o
[ 43%] Building CXX object CMakeFiles/wheeltec_motion_interfaces__rosidl_typesupport_fastrtps_cpp.dir/rosidl_typesupport_fastrtps_cpp/wheeltec_motion_interfaces/action/detail/dds_fastrtps/execute_motion__type_support.cpp.o
[ 46%] Building CXX object CMakeFiles/wheeltec_motion_interfaces__rosidl_typesupport_c.dir/rosidl_typesupport_c/wheeltec_motion_interfaces/action/execute_motion__type_support.cpp.o
[ 50%] Linking CXX shared library libwheeltec_motion_interfaces__rosidl_typesupport_c.so
[ 53%] Building CXX object CMakeFiles/wheeltec_motion_interfaces__rosidl_typesupport_fastrtps_c.dir/rosidl_typesupport_fastrtps_c/wheeltec_motion_interfaces/action/detail/execute_motion__type_support_c.cpp.o
[ 53%] Built target wheeltec_motion_interfaces__rosidl_typesupport_c
[ 56%] Building C object CMakeFiles/wheeltec_motion_interfaces__rosidl_typesupport_introspection_c.dir/rosidl_typesupport_introspection_c/wheeltec_motion_interfaces/action/detail/execute_motion__type_support.c.o
[ 59%] Linking CXX shared library libwheeltec_motion_interfaces__rosidl_typesupport_cpp.so
[ 62%] Linking C shared library libwheeltec_motion_interfaces__rosidl_typesupport_introspection_c.so
[ 62%] Built target wheeltec_motion_interfaces__rosidl_typesupport_introspection_c
[ 62%] Built target wheeltec_motion_interfaces__rosidl_typesupport_cpp
[ 65%] Linking CXX shared library libwheeltec_motion_interfaces__rosidl_typesupport_fastrtps_cpp.so
[ 68%] Linking CXX shared library libwheeltec_motion_interfaces__rosidl_typesupport_introspection_cpp.so
[ 71%] Linking CXX shared library libwheeltec_motion_interfaces__rosidl_typesupport_fastrtps_c.so
[ 71%] Built target wheeltec_motion_interfaces__rosidl_typesupport_introspection_cpp
[ 71%] Built target wheeltec_motion_interfaces__rosidl_typesupport_fastrtps_cpp
[ 71%] Built target wheeltec_motion_interfaces__rosidl_typesupport_fastrtps_c
[ 71%] Built target wheeltec_motion_interfaces
[ 75%] Generating Python code for ROS interfaces
[ 75%] Built target wheeltec_motion_interfaces__py
[ 78%] Building C object CMakeFiles/wheeltec_motion_interfaces__rosidl_generator_py.dir/rosidl_generator_py/wheeltec_motion_interfaces/action/_execute_motion_s.c.o
[ 81%] Linking C shared library rosidl_generator_py/wheeltec_motion_interfaces/libwheeltec_motion_interfaces__rosidl_generator_py.so
[ 81%] Built target wheeltec_motion_interfaces__rosidl_generator_py
[ 90%] Building C object CMakeFiles/wheeltec_motion_interfaces__rosidl_typesupport_c__pyext.dir/rosidl_generator_py/wheeltec_motion_interfaces/_wheeltec_motion_interfaces_s.ep.rosidl_typesupport_c.c.o
[ 90%] Building C object CMakeFiles/wheeltec_motion_interfaces__rosidl_typesupport_introspection_c__pyext.dir/rosidl_generator_py/wheeltec_motion_interfaces/_wheeltec_motion_interfaces_s.ep.rosidl_typesupport_introspection_c.c.o
[ 90%] Building C object CMakeFiles/wheeltec_motion_interfaces__rosidl_typesupport_fastrtps_c__pyext.dir/rosidl_generator_py/wheeltec_motion_interfaces/_wheeltec_motion_interfaces_s.ep.rosidl_typesupport_fastrtps_c.c.o
[ 96%] Linking C shared library rosidl_generator_py/wheeltec_motion_interfaces/wheeltec_motion_interfaces_s__rosidl_typesupport_introspection_c.cpython-310-x86_64-linux-gnu.so
[ 96%] Linking C shared library rosidl_generator_py/wheeltec_motion_interfaces/wheeltec_motion_interfaces_s__rosidl_typesupport_c.cpython-310-x86_64-linux-gnu.so
[100%] Linking C shared library rosidl_generator_py/wheeltec_motion_interfaces/wheeltec_motion_interfaces_s__rosidl_typesupport_fastrtps_c.cpython-310-x86_64-linux-gnu.so
[100%] Built target wheeltec_motion_interfaces__rosidl_typesupport_c__pyext
[100%] Built target wheeltec_motion_interfaces__rosidl_typesupport_fastrtps_c__pyext
[100%] Built target wheeltec_motion_interfaces__rosidl_typesupport_introspection_c__pyext
-- Install configuration: ""
-- Execute custom install script
-- Symlinking: /ws/install/wheeltec_motion_interfaces/share/ament_index/resource_index/rosidl_interfaces/wheeltec_motion_interfaces
-- Symlinking: /ws/install/wheeltec_motion_interfaces/include/wheeltec_motion_interfaces/wheeltec_motion_interfaces/action/detail/execute_motion__functions.h
-- Symlinking: /ws/install/wheeltec_motion_interfaces/include/wheeltec_motion_interfaces/wheeltec_motion_interfaces/action/detail/execute_motion__struct.h
-- Symlinking: /ws/install/wheeltec_motion_interfaces/include/wheeltec_motion_interfaces/wheeltec_motion_interfaces/action/detail/execute_motion__type_support.h
-- Symlinking: /ws/install/wheeltec_motion_interfaces/include/wheeltec_motion_interfaces/wheeltec_motion_interfaces/action/execute_motion.h
-- Symlinking: /ws/install/wheeltec_motion_interfaces/include/wheeltec_motion_interfaces/wheeltec_motion_interfaces/msg/rosidl_generator_c__visibility_control.h
-- Symlinking: /ws/install/wheeltec_motion_interfaces/share/wheeltec_motion_interfaces/environment/library_path.sh
-- Symlinking: /ws/install/wheeltec_motion_interfaces/share/wheeltec_motion_interfaces/environment/library_path.dsv
-- Symlinking: /ws/install/wheeltec_motion_interfaces/include/wheeltec_motion_interfaces/wheeltec_motion_interfaces/action/detail/execute_motion__rosidl_typesupport_fastrtps_c.h
-- Symlinking: /ws/install/wheeltec_motion_interfaces/include/wheeltec_motion_interfaces/wheeltec_motion_interfaces/msg/rosidl_typesupport_fastrtps_c__visibility_control.h
-- Symlinking: /ws/install/wheeltec_motion_interfaces/include/wheeltec_motion_interfaces/wheeltec_motion_interfaces/action/detail/execute_motion__rosidl_typesupport_introspection_c.h
-- Symlinking: /ws/install/wheeltec_motion_interfaces/include/wheeltec_motion_interfaces/wheeltec_motion_interfaces/msg/rosidl_typesupport_introspection_c__visibility_control.h
-- Symlinking: /ws/install/wheeltec_motion_interfaces/include/wheeltec_motion_interfaces/wheeltec_motion_interfaces/action/detail/execute_motion__builder.hpp
-- Symlinking: /ws/install/wheeltec_motion_interfaces/include/wheeltec_motion_interfaces/wheeltec_motion_interfaces/action/detail/execute_motion__struct.hpp
-- Symlinking: /ws/install/wheeltec_motion_interfaces/include/wheeltec_motion_interfaces/wheeltec_motion_interfaces/action/detail/execute_motion__traits.hpp
-- Symlinking: /ws/install/wheeltec_motion_interfaces/include/wheeltec_motion_interfaces/wheeltec_motion_interfaces/action/detail/execute_motion__type_support.hpp
-- Symlinking: /ws/install/wheeltec_motion_interfaces/include/wheeltec_motion_interfaces/wheeltec_motion_interfaces/action/execute_motion.hpp
-- Symlinking: /ws/install/wheeltec_motion_interfaces/include/wheeltec_motion_interfaces/wheeltec_motion_interfaces/msg/rosidl_generator_cpp__visibility_control.hpp
-- Symlinking: /ws/install/wheeltec_motion_interfaces/include/wheeltec_motion_interfaces/wheeltec_motion_interfaces/action/detail/execute_motion__rosidl_typesupport_fastrtps_cpp.hpp
-- Symlinking: /ws/install/wheeltec_motion_interfaces/include/wheeltec_motion_interfaces/wheeltec_motion_interfaces/msg/rosidl_typesupport_fastrtps_cpp__visibility_control.h
-- Symlinking: /ws/install/wheeltec_motion_interfaces/include/wheeltec_motion_interfaces/wheeltec_motion_interfaces/action/detail/execute_motion__rosidl_typesupport_introspection_cpp.hpp
-- Symlinking: /ws/install/wheeltec_motion_interfaces/share/wheeltec_motion_interfaces/environment/pythonpath.sh
-- Symlinking: /ws/install/wheeltec_motion_interfaces/share/wheeltec_motion_interfaces/environment/pythonpath.dsv
-- Symlinking: /ws/install/wheeltec_motion_interfaces/local/lib/python3.10/dist-packages/wheeltec_motion_interfaces-0.1.0-py3.10.egg-info/PKG-INFO
-- Symlinking: /ws/install/wheeltec_motion_interfaces/local/lib/python3.10/dist-packages/wheeltec_motion_interfaces-0.1.0-py3.10.egg-info/SOURCES.txt
-- Symlinking: /ws/install/wheeltec_motion_interfaces/local/lib/python3.10/dist-packages/wheeltec_motion_interfaces-0.1.0-py3.10.egg-info/dependency_links.txt
-- Symlinking: /ws/install/wheeltec_motion_interfaces/local/lib/python3.10/dist-packages/wheeltec_motion_interfaces-0.1.0-py3.10.egg-info/top_level.txt
-- Symlinking: /ws/install/wheeltec_motion_interfaces/local/lib/python3.10/dist-packages/wheeltec_motion_interfaces/__init__.py
-- Symlinking: /ws/install/wheeltec_motion_interfaces/local/lib/python3.10/dist-packages/wheeltec_motion_interfaces/_wheeltec_motion_interfaces_s.ep.rosidl_typesupport_c.c
-- Symlinking: /ws/install/wheeltec_motion_interfaces/local/lib/python3.10/dist-packages/wheeltec_motion_interfaces/_wheeltec_motion_interfaces_s.ep.rosidl_typesupport_fastrtps_c.c
-- Symlinking: /ws/install/wheeltec_motion_interfaces/local/lib/python3.10/dist-packages/wheeltec_motion_interfaces/_wheeltec_motion_interfaces_s.ep.rosidl_typesupport_introspection_c.c
-- Symlinking: /ws/install/wheeltec_motion_interfaces/local/lib/python3.10/dist-packages/wheeltec_motion_interfaces/action/__init__.py
-- Symlinking: /ws/install/wheeltec_motion_interfaces/local/lib/python3.10/dist-packages/wheeltec_motion_interfaces/action/_execute_motion.py
-- Symlinking: /ws/install/wheeltec_motion_interfaces/local/lib/python3.10/dist-packages/wheeltec_motion_interfaces/action/_execute_motion_s.c
-- Symlinking: /ws/install/wheeltec_motion_interfaces/local/lib/python3.10/dist-packages/wheeltec_motion_interfaces/libwheeltec_motion_interfaces__rosidl_generator_py.so
-- Symlinking: /ws/install/wheeltec_motion_interfaces/local/lib/python3.10/dist-packages/wheeltec_motion_interfaces/wheeltec_motion_interfaces_s__rosidl_typesupport_c.cpython-310-x86_64-linux-gnu.so
-- Symlinking: /ws/install/wheeltec_motion_interfaces/local/lib/python3.10/dist-packages/wheeltec_motion_interfaces/wheeltec_motion_interfaces_s__rosidl_typesupport_fastrtps_c.cpython-310-x86_64-linux-gnu.so
-- Symlinking: /ws/install/wheeltec_motion_interfaces/local/lib/python3.10/dist-packages/wheeltec_motion_interfaces/wheeltec_motion_interfaces_s__rosidl_typesupport_introspection_c.cpython-310-x86_64-linux-gnu.so
-- Up-to-date symlink: /ws/install/wheeltec_motion_interfaces/local/lib/python3.10/dist-packages/wheeltec_motion_interfaces/wheeltec_motion_interfaces_s__rosidl_typesupport_fastrtps_c.cpython-310-x86_64-linux-gnu.so
-- Up-to-date symlink: /ws/install/wheeltec_motion_interfaces/local/lib/python3.10/dist-packages/wheeltec_motion_interfaces/wheeltec_motion_interfaces_s__rosidl_typesupport_introspection_c.cpython-310-x86_64-linux-gnu.so
-- Up-to-date symlink: /ws/install/wheeltec_motion_interfaces/local/lib/python3.10/dist-packages/wheeltec_motion_interfaces/wheeltec_motion_interfaces_s__rosidl_typesupport_c.cpython-310-x86_64-linux-gnu.so
-- Symlinking: /ws/install/wheeltec_motion_interfaces/share/ament_index/resource_index/rust_packages/wheeltec_motion_interfaces
-- Symlinking: /ws/install/wheeltec_motion_interfaces/share/wheeltec_motion_interfaces/rust/Cargo.toml
-- Symlinking: /ws/install/wheeltec_motion_interfaces/share/wheeltec_motion_interfaces/rust/build.rs
-- Symlinking: /ws/install/wheeltec_motion_interfaces/share/wheeltec_motion_interfaces/rust/src/action.rs
-- Symlinking: /ws/install/wheeltec_motion_interfaces/share/wheeltec_motion_interfaces/rust/src/action/rmw.rs
-- Symlinking: /ws/install/wheeltec_motion_interfaces/share/wheeltec_motion_interfaces/rust/src/lib.rs
-- Symlinking: /ws/install/wheeltec_motion_interfaces/share/wheeltec_motion_interfaces/action/ExecuteMotion.idl
-- Symlinking: /ws/install/wheeltec_motion_interfaces/share/wheeltec_motion_interfaces/action/ExecuteMotion.action
-- Symlinking: /ws/install/wheeltec_motion_interfaces/share/ament_index/resource_index/package_run_dependencies/wheeltec_motion_interfaces
-- Symlinking: /ws/install/wheeltec_motion_interfaces/share/ament_index/resource_index/parent_prefix_path/wheeltec_motion_interfaces
-- Symlinking: /ws/install/wheeltec_motion_interfaces/share/wheeltec_motion_interfaces/environment/ament_prefix_path.sh
-- Symlinking: /ws/install/wheeltec_motion_interfaces/share/wheeltec_motion_interfaces/environment/ament_prefix_path.dsv
-- Symlinking: /ws/install/wheeltec_motion_interfaces/share/wheeltec_motion_interfaces/environment/path.sh
-- Symlinking: /ws/install/wheeltec_motion_interfaces/share/wheeltec_motion_interfaces/environment/path.dsv
-- Symlinking: /ws/install/wheeltec_motion_interfaces/share/wheeltec_motion_interfaces/local_setup.bash
-- Symlinking: /ws/install/wheeltec_motion_interfaces/share/wheeltec_motion_interfaces/local_setup.sh
-- Symlinking: /ws/install/wheeltec_motion_interfaces/share/wheeltec_motion_interfaces/local_setup.zsh
-- Symlinking: /ws/install/wheeltec_motion_interfaces/share/wheeltec_motion_interfaces/local_setup.dsv
-- Symlinking: /ws/install/wheeltec_motion_interfaces/share/wheeltec_motion_interfaces/package.dsv
-- Symlinking: /ws/install/wheeltec_motion_interfaces/share/ament_index/resource_index/packages/wheeltec_motion_interfaces
-- Symlinking: /ws/install/wheeltec_motion_interfaces/share/wheeltec_motion_interfaces/cmake/rosidl_cmake-extras.cmake
-- Symlinking: /ws/install/wheeltec_motion_interfaces/share/wheeltec_motion_interfaces/cmake/ament_cmake_export_dependencies-extras.cmake
-- Symlinking: /ws/install/wheeltec_motion_interfaces/share/wheeltec_motion_interfaces/cmake/ament_cmake_export_include_directories-extras.cmake
-- Symlinking: /ws/install/wheeltec_motion_interfaces/share/wheeltec_motion_interfaces/cmake/ament_cmake_export_libraries-extras.cmake
-- Symlinking: /ws/install/wheeltec_motion_interfaces/share/wheeltec_motion_interfaces/cmake/ament_cmake_export_targets-extras.cmake
-- Symlinking: /ws/install/wheeltec_motion_interfaces/share/wheeltec_motion_interfaces/cmake/rosidl_cmake_export_typesupport_targets-extras.cmake
-- Symlinking: /ws/install/wheeltec_motion_interfaces/share/wheeltec_motion_interfaces/cmake/rosidl_cmake_export_typesupport_libraries-extras.cmake
-- Symlinking: /ws/install/wheeltec_motion_interfaces/share/wheeltec_motion_interfaces/cmake/rosidl_cmake_aggregate_target-extras.cmake
-- Symlinking: /ws/install/wheeltec_motion_interfaces/share/wheeltec_motion_interfaces/cmake/wheeltec_motion_interfacesConfig.cmake
-- Symlinking: /ws/install/wheeltec_motion_interfaces/share/wheeltec_motion_interfaces/cmake/wheeltec_motion_interfacesConfig-version.cmake
-- Symlinking: /ws/install/wheeltec_motion_interfaces/share/wheeltec_motion_interfaces/package.xml
-- Installing: /ws/install/wheeltec_motion_interfaces/lib/libwheeltec_motion_interfaces__rosidl_generator_c.so
-- Set runtime path of "/ws/install/wheeltec_motion_interfaces/lib/libwheeltec_motion_interfaces__rosidl_generator_c.so" to ""
-- Installing: /ws/install/wheeltec_motion_interfaces/lib/libwheeltec_motion_interfaces__rosidl_typesupport_fastrtps_c.so
-- Set runtime path of "/ws/install/wheeltec_motion_interfaces/lib/libwheeltec_motion_interfaces__rosidl_typesupport_fastrtps_c.so" to ""
-- Installing: /ws/install/wheeltec_motion_interfaces/lib/libwheeltec_motion_interfaces__rosidl_typesupport_introspection_c.so
-- Set runtime path of "/ws/install/wheeltec_motion_interfaces/lib/libwheeltec_motion_interfaces__rosidl_typesupport_introspection_c.so" to ""
-- Installing: /ws/install/wheeltec_motion_interfaces/lib/libwheeltec_motion_interfaces__rosidl_typesupport_c.so
-- Set runtime path of "/ws/install/wheeltec_motion_interfaces/lib/libwheeltec_motion_interfaces__rosidl_typesupport_c.so" to ""
-- Installing: /ws/install/wheeltec_motion_interfaces/lib/libwheeltec_motion_interfaces__rosidl_typesupport_fastrtps_cpp.so
-- Set runtime path of "/ws/install/wheeltec_motion_interfaces/lib/libwheeltec_motion_interfaces__rosidl_typesupport_fastrtps_cpp.so" to ""
-- Installing: /ws/install/wheeltec_motion_interfaces/lib/libwheeltec_motion_interfaces__rosidl_typesupport_introspection_cpp.so
-- Set runtime path of "/ws/install/wheeltec_motion_interfaces/lib/libwheeltec_motion_interfaces__rosidl_typesupport_introspection_cpp.so" to ""
-- Installing: /ws/install/wheeltec_motion_interfaces/lib/libwheeltec_motion_interfaces__rosidl_typesupport_cpp.so
-- Set runtime path of "/ws/install/wheeltec_motion_interfaces/lib/libwheeltec_motion_interfaces__rosidl_typesupport_cpp.so" to ""
Listing '/ws/install/wheeltec_motion_interfaces/local/lib/python3.10/dist-packages/wheeltec_motion_interfaces'...
Compiling '/ws/install/wheeltec_motion_interfaces/local/lib/python3.10/dist-packages/wheeltec_motion_interfaces/__init__.py'...
Listing '/ws/install/wheeltec_motion_interfaces/local/lib/python3.10/dist-packages/wheeltec_motion_interfaces/action'...
Compiling '/ws/install/wheeltec_motion_interfaces/local/lib/python3.10/dist-packages/wheeltec_motion_interfaces/action/__init__.py'...
Compiling '/ws/install/wheeltec_motion_interfaces/local/lib/python3.10/dist-packages/wheeltec_motion_interfaces/action/_execute_motion.py'...
-- Installing: /ws/install/wheeltec_motion_interfaces/lib/libwheeltec_motion_interfaces__rosidl_generator_py.so
-- Set runtime path of "/ws/install/wheeltec_motion_interfaces/lib/libwheeltec_motion_interfaces__rosidl_generator_py.so" to ""
-- Installing: /ws/install/wheeltec_motion_interfaces/share/wheeltec_motion_interfaces/cmake/export_wheeltec_motion_interfaces__rosidl_generator_cExport.cmake
-- Installing: /ws/install/wheeltec_motion_interfaces/share/wheeltec_motion_interfaces/cmake/export_wheeltec_motion_interfaces__rosidl_generator_cExport-noconfig.cmake
-- Installing: /ws/install/wheeltec_motion_interfaces/share/wheeltec_motion_interfaces/cmake/export_wheeltec_motion_interfaces__rosidl_typesupport_fastrtps_cExport.cmake
-- Installing: /ws/install/wheeltec_motion_interfaces/share/wheeltec_motion_interfaces/cmake/export_wheeltec_motion_interfaces__rosidl_typesupport_fastrtps_cExport-noconfig.cmake
-- Installing: /ws/install/wheeltec_motion_interfaces/share/wheeltec_motion_interfaces/cmake/wheeltec_motion_interfaces__rosidl_typesupport_introspection_cExport.cmake
-- Installing: /ws/install/wheeltec_motion_interfaces/share/wheeltec_motion_interfaces/cmake/wheeltec_motion_interfaces__rosidl_typesupport_introspection_cExport-noconfig.cmake
-- Installing: /ws/install/wheeltec_motion_interfaces/share/wheeltec_motion_interfaces/cmake/wheeltec_motion_interfaces__rosidl_typesupport_cExport.cmake
-- Installing: /ws/install/wheeltec_motion_interfaces/share/wheeltec_motion_interfaces/cmake/wheeltec_motion_interfaces__rosidl_typesupport_cExport-noconfig.cmake
-- Installing: /ws/install/wheeltec_motion_interfaces/share/wheeltec_motion_interfaces/cmake/export_wheeltec_motion_interfaces__rosidl_generator_cppExport.cmake
-- Installing: /ws/install/wheeltec_motion_interfaces/share/wheeltec_motion_interfaces/cmake/export_wheeltec_motion_interfaces__rosidl_typesupport_fastrtps_cppExport.cmake
-- Installing: /ws/install/wheeltec_motion_interfaces/share/wheeltec_motion_interfaces/cmake/export_wheeltec_motion_interfaces__rosidl_typesupport_fastrtps_cppExport-noconfig.cmake
-- Installing: /ws/install/wheeltec_motion_interfaces/share/wheeltec_motion_interfaces/cmake/wheeltec_motion_interfaces__rosidl_typesupport_introspection_cppExport.cmake
-- Installing: /ws/install/wheeltec_motion_interfaces/share/wheeltec_motion_interfaces/cmake/wheeltec_motion_interfaces__rosidl_typesupport_introspection_cppExport-noconfig.cmake
-- Installing: /ws/install/wheeltec_motion_interfaces/share/wheeltec_motion_interfaces/cmake/wheeltec_motion_interfaces__rosidl_typesupport_cppExport.cmake
-- Installing: /ws/install/wheeltec_motion_interfaces/share/wheeltec_motion_interfaces/cmake/wheeltec_motion_interfaces__rosidl_typesupport_cppExport-noconfig.cmake
-- Installing: /ws/install/wheeltec_motion_interfaces/share/wheeltec_motion_interfaces/cmake/export_wheeltec_motion_interfaces__rosidl_generator_pyExport.cmake
-- Installing: /ws/install/wheeltec_motion_interfaces/share/wheeltec_motion_interfaces/cmake/export_wheeltec_motion_interfaces__rosidl_generator_pyExport-noconfig.cmake
Finished <<< wheeltec_motion_interfaces [3.33s]
Starting >>> wheeltec_motion_control
running develop
running egg_info
creating wheeltec_motion_control.egg-info
writing wheeltec_motion_control.egg-info/PKG-INFO
writing dependency_links to wheeltec_motion_control.egg-info/dependency_links.txt
writing entry points to wheeltec_motion_control.egg-info/entry_points.txt
writing requirements to wheeltec_motion_control.egg-info/requires.txt
writing top-level names to wheeltec_motion_control.egg-info/top_level.txt
writing manifest file 'wheeltec_motion_control.egg-info/SOURCES.txt'
reading manifest file 'wheeltec_motion_control.egg-info/SOURCES.txt'
writing manifest file 'wheeltec_motion_control.egg-info/SOURCES.txt'
running build_ext
Creating /ws/install/wheeltec_motion_control/lib/python3.10/site-packages/wheeltec-motion-control.egg-link (link to .)
Installing motion_client script to /ws/install/wheeltec_motion_control/lib/wheeltec_motion_control
Installing motion_controller script to /ws/install/wheeltec_motion_control/lib/wheeltec_motion_control

Installed /ws/build/wheeltec_motion_control
running symlink_data
creating /ws/install/wheeltec_motion_control/share/ament_index
creating /ws/install/wheeltec_motion_control/share/ament_index/resource_index
creating /ws/install/wheeltec_motion_control/share/ament_index/resource_index/packages
symbolically linking /ws/build/wheeltec_motion_control/resource/wheeltec_motion_control -> /ws/install/wheeltec_motion_control/share/ament_index/resource_index/packages
symbolically linking /ws/build/wheeltec_motion_control/package.xml -> /ws/install/wheeltec_motion_control/share/wheeltec_motion_control
symbolically linking /ws/build/wheeltec_motion_control/README.md -> /ws/install/wheeltec_motion_control/share/wheeltec_motion_control
creating /ws/install/wheeltec_motion_control/share/wheeltec_motion_control/config
symbolically linking /ws/build/wheeltec_motion_control/config/motion_control.yaml -> /ws/install/wheeltec_motion_control/share/wheeltec_motion_control/config
creating /ws/install/wheeltec_motion_control/share/wheeltec_motion_control/launch
symbolically linking /ws/build/wheeltec_motion_control/launch/motion_control.launch.py -> /ws/install/wheeltec_motion_control/share/wheeltec_motion_control/launch
Finished <<< wheeltec_motion_control [0.59s]

Summary: 2 packages finished [4.03s]
