2026-09-26 22:06:01,599 INFO Four tabs opened. Ctrl+C in any tab stops the whole stack. Logs: /home/wheeltec/workspace/wheeltec_motion_ws/runtime_logs/robot_stack/20260926-220600-tabs-21549
2026-09-26 22:06:01,601 INFO START base in terminal tab; generation=1
2026-09-26 22:06:03,225 INFO READY base
2026-09-26 22:06:03,226 INFO START livox in terminal tab; generation=1
2026-09-26 22:06:07,319 INFO READY livox
2026-09-26 22:06:07,320 INFO START fastlio in terminal tab; generation=1
2026-09-26 22:06:52,383 WARNING RECOVER fastlio: startup readiness timeout: source timestamp age=1.313s; old actions will not resume
2026-09-26 22:06:52,687 INFO STOP fastlio in terminal tab
2026-09-26 22:06:55,743 INFO START fastlio in terminal tab; generation=2
2026-09-26 22:07:40,788 WARNING RECOVER fastlio: startup readiness timeout: source timestamp age=1.372s; old actions will not resume
2026-09-26 22:07:41,092 INFO STOP fastlio in terminal tab
2026-09-26 22:07:47,198 INFO START fastlio in terminal tab; generation=3
2026-09-26 22:07:50,461 INFO READY fastlio
2026-09-26 22:07:50,462 INFO START motion in terminal tab; generation=1
2026-09-26 22:07:52,298 INFO READY motion
2026-09-26 22:07:52,298 INFO STACK READY: accepting NEW motion goals; no goal was sent
2026-09-26 22:08:26,266 WARNING UNHEALTHY fastlio: fastlio stream absent/stale
2026-09-26 22:08:26,771 INFO STOP motion in terminal tab
2026-09-26 22:08:26,977 WARNING RECOVER livox: process exited; old actions will not resume
2026-09-26 22:08:27,281 INFO STOP fastlio in terminal tab
2026-09-26 22:08:27,384 INFO STOP livox in terminal tab
2026-09-26 22:08:30,435 INFO START livox in terminal tab; generation=2
2026-09-26 22:08:34,511 INFO READY livox
2026-09-26 22:08:34,512 INFO START fastlio in terminal tab; generation=4
2026-09-26 22:09:19,585 WARNING RECOVER fastlio: startup readiness timeout: source timestamp age=1.317s; old actions will not resume
2026-09-26 22:09:19,888 INFO STOP fastlio in terminal tab
2026-09-26 22:09:31,906 INFO START fastlio in terminal tab; generation=5
2026-09-26 22:09:35,366 INFO READY fastlio
2026-09-26 22:09:35,367 INFO START motion in terminal tab; generation=2
2026-09-26 22:09:38,221 INFO READY motion
2026-09-26 22:09:38,221 INFO STACK READY: accepting NEW motion goals; no goal was sent
2026-09-26 22:10:50,666 INFO Stopping all tabs; old goals are never resumed.
2026-09-26 22:10:51,171 INFO STOP motion in terminal tab
2026-09-26 22:10:51,374 INFO STOP fastlio in terminal tab
2026-09-26 22:10:53,086 INFO STOP livox in terminal tab
2026-09-26 22:10:53,490 INFO STOP base in terminal tab
