Type: nav_msgs/msg/Odometry

Publisher count: 1

Node name: laser_mapping
Node namespace: /
Topic type: nav_msgs/msg/Odometry
Endpoint type: PUBLISHER
GID: 01.0f.41.38.3d.1b.f1.a8.00.00.00.00.00.00.18.03.00.00.00.00.00.00.00.00
QoS profile:
  Reliability: RELIABLE
  History (Depth): UNKNOWN
  Durability: VOLATILE
  Lifespan: Infinite
  Deadline: Infinite
  Liveliness: AUTOMATIC
  Liveliness lease duration: Infinite

Subscription count: 0

Type: livox_ros_driver2/msg/CustomMsg

Publisher count: 1

Node name: livox_lidar_publisher
Node namespace: /
Topic type: livox_ros_driver2/msg/CustomMsg
Endpoint type: PUBLISHER
GID: 01.0f.41.38.e7.1a.72.90.00.00.00.00.00.00.13.03.00.00.00.00.00.00.00.00
QoS profile:
  Reliability: RELIABLE
  History (Depth): UNKNOWN
  Durability: VOLATILE
  Lifespan: Infinite
  Deadline: Infinite
  Liveliness: AUTOMATIC
  Liveliness lease duration: Infinite

Subscription count: 1

Node name: laser_mapping
Node namespace: /
Topic type: livox_ros_driver2/msg/CustomMsg
Endpoint type: SUBSCRIPTION
GID: 01.0f.41.38.3d.1b.f1.a8.00.00.00.00.00.00.12.04.00.00.00.00.00.00.00.00
QoS profile:
  Reliability: RELIABLE
  History (Depth): UNKNOWN
  Durability: VOLATILE
  Lifespan: Infinite
  Deadline: Infinite
  Liveliness: AUTOMATIC
  Liveliness lease duration: Infinite

Boolean value is: False
